MPLINK 4.49, Linker
Linker Map File - Created Fri Mar 12 08:57:27 2021

                                 Section Info
                  Section       Type    Address   Location Size(Bytes)
                ---------  ---------  ---------  ---------  ---------
                   .org_0       code   0x000000    program   0x000000
                   .org_1       code   0x000000    program   0x000060
 .config_2007_PRACTICA1.O       code   0x002007    program   0x000002
 .config_2008_PRACTICA1.O       code   0x002008    program   0x000002



                              Program Memory Usage 
                               Start         End      
                           ---------   ---------      
                            0x000000    0x00002f      
                            0x002007    0x002008      
            50 out of 8455 program addresses used, program memory utilization is 0%



                              Symbols - Sorted by Name
                     Name    Address   Location    Storage File                     
                ---------  ---------  ---------  --------- ---------                
           CONFIGURA_PTOS   0x000002    program     static C:\Users\fampa\OneDrive\Documentos\MPLAB PROJECTS\Pract_1ConfiguracionDePuertos\practica1.asm
                   INICIO   0x000015    program     static C:\Users\fampa\OneDrive\Documentos\MPLAB PROJECTS\Pract_1ConfiguracionDePuertos\practica1.asm
            RETARDO_400ms   0x000022    program     static C:\Users\fampa\OneDrive\Documentos\MPLAB PROJECTS\Pract_1ConfiguracionDePuertos\practica1.asm
              SIN_ACARREO   0x000020    program     static C:\Users\fampa\OneDrive\Documentos\MPLAB PROJECTS\Pract_1ConfiguracionDePuertos\practica1.asm
                     loop   0x000028    program     static C:\Users\fampa\OneDrive\Documentos\MPLAB PROJECTS\Pract_1ConfiguracionDePuertos\practica1.asm



                              Symbols - Sorted by Address
                     Name    Address   Location    Storage File                     
                ---------  ---------  ---------  --------- ---------                
           CONFIGURA_PTOS   0x000002    program     static C:\Users\fampa\OneDrive\Documentos\MPLAB PROJECTS\Pract_1ConfiguracionDePuertos\practica1.asm
                   INICIO   0x000015    program     static C:\Users\fampa\OneDrive\Documentos\MPLAB PROJECTS\Pract_1ConfiguracionDePuertos\practica1.asm
              SIN_ACARREO   0x000020    program     static C:\Users\fampa\OneDrive\Documentos\MPLAB PROJECTS\Pract_1ConfiguracionDePuertos\practica1.asm
            RETARDO_400ms   0x000022    program     static C:\Users\fampa\OneDrive\Documentos\MPLAB PROJECTS\Pract_1ConfiguracionDePuertos\practica1.asm
                     loop   0x000028    program     static C:\Users\fampa\OneDrive\Documentos\MPLAB PROJECTS\Pract_1ConfiguracionDePuertos\practica1.asm


